apxa_jtag_cop_conn.fm;1;8843
apxa_jtag_cop_conn.fm;2;9083
apxc_network_admin.fm;1;9119
apxc_network_admin.fm;2;10092
apxc_network_admin.fm;3;10114
apxc_network_admin.fm;4;10210
apxc_network_admin.fm;5;10246
apxc_network_admin.fm;6;10264
apxc_network_admin.fm;7;9494
apxc_network_admin.fm;8;9696
apxc_network_admin.fm;9;9959
apxc_network_admin.fm;10;9985
apxc_network_admin.fm;11;9989
apxe_troubleshooting.fm;1;8136
apxe_troubleshooting.fm;2;7922
hardware_specs.fm;1;8082
hardware_specs.fm;2;9095
hardware_specs.fm;3;8816
hardware_specs.fm;4;9966
hardware_specs.fm;5;9204
hardware_specs.fm;6;8101
hardware_specs.fm;7;10023
hardware_specs.fm;8;8117
hardware_specs.fm;9;9985
hardware_specs.fm;10;10004
hardware_specs.fm;11;7134
introduction.fm;1;10420
introduction.fm;2;8454
introduction.fm;3;8462
introduction.fm;4;10363
introduction.fm;5;10344
introduction.fm;6;8938
introduction.fm;7;10382
introduction.fm;8;8973
introduction.fm;9;10401
introduction.fm;10;10439
introduction.fm;11;6864
introduction.fm;12;9627
introduction.fm;13;7292
introduction.fm;14;10329
network_conn.fm;1;10142
network_conn.fm;2;10123
network_conn.fm;3;9684
professional_probe.fm;1;7215
professional_probe.fm;2;6521
professional_probe.fm;3;6532
professional_probe.fm;4;6546
target_conn.fm;1;7870
target_conn.fm;2;10377
target_conn.fm;3;10396
target_conn.fm;4;10415
target_conn.fm;5;7900
target_conn.fm;6;8709
target_conn.fm;7;9413
target_conn.fm;8;10790
