19:48:36 **** Build of configuration Debug for project base_demo ****
make pre-build main-build 
a9-linaro-pre-build-step
 
Building file: ../src/audio_demo.c
Invoking: ARM v7 gcc compiler
arm-none-eabi-gcc -Wall -O0 -g3 -c -fmessage-length=0 -MT"src/audio_demo.o" -mcpu=cortex-a9 -mfpu=vfpv3 -mfloat-abi=hard -I../../base_demo_bsp/ps7_cortexa9_0/include -MMD -MP -MF"src/audio_demo.d" -MT"src/audio_demo.o" -o "src/audio_demo.o" "../src/audio_demo.c"
Finished building: ../src/audio_demo.c
 
Building file: ../src/display_ctrl.c
Invoking: ARM v7 gcc compiler
arm-none-eabi-gcc -Wall -O0 -g3 -c -fmessage-length=0 -MT"src/display_ctrl.o" -mcpu=cortex-a9 -mfpu=vfpv3 -mfloat-abi=hard -I../../base_demo_bsp/ps7_cortexa9_0/include -MMD -MP -MF"src/display_ctrl.d" -MT"src/display_ctrl.o" -o "src/display_ctrl.o" "../src/display_ctrl.c"
Finished building: ../src/display_ctrl.c
 
Building file: ../src/display_demo.c
Invoking: ARM v7 gcc compiler
arm-none-eabi-gcc -Wall -O0 -g3 -c -fmessage-length=0 -MT"src/display_demo.o" -mcpu=cortex-a9 -mfpu=vfpv3 -mfloat-abi=hard -I../../base_demo_bsp/ps7_cortexa9_0/include -MMD -MP -MF"src/display_demo.d" -MT"src/display_demo.o" -o "src/display_demo.o" "../src/display_demo.c"
Finished building: ../src/display_demo.c
 
Building file: ../src/main.c
Invoking: ARM v7 gcc compiler
arm-none-eabi-gcc -Wall -O0 -g3 -c -fmessage-length=0 -MT"src/main.o" -mcpu=cortex-a9 -mfpu=vfpv3 -mfloat-abi=hard -I../../base_demo_bsp/ps7_cortexa9_0/include -MMD -MP -MF"src/main.d" -MT"src/main.o" -o "src/main.o" "../src/main.c"
Finished building: ../src/main.c
 
Building file: ../src/timer_ps.c
Invoking: ARM v7 gcc compiler
arm-none-eabi-gcc -Wall -O0 -g3 -c -fmessage-length=0 -MT"src/timer_ps.o" -mcpu=cortex-a9 -mfpu=vfpv3 -mfloat-abi=hard -I../../base_demo_bsp/ps7_cortexa9_0/include -MMD -MP -MF"src/timer_ps.d" -MT"src/timer_ps.o" -o "src/timer_ps.o" "../src/timer_ps.c"
Finished building: ../src/timer_ps.c
 
Building target: base_demo.elf
Invoking: ARM v7 gcc linker
arm-none-eabi-gcc -mcpu=cortex-a9 -mfpu=vfpv3 -mfloat-abi=hard -Wl,-build-id=none -specs=Xilinx.spec -Wl,-T -Wl,../src/lscript.ld -L../../base_demo_bsp/ps7_cortexa9_0/lib -o "base_demo.elf"  ./src/audio_demo.o ./src/display_ctrl.o ./src/display_demo.o ./src/main.o ./src/timer_ps.o   -Wl,--start-group,-lxil,-lgcc,-lc,--end-group
Finished building target: base_demo.elf
 
Invoking: ARM v7 Print Size
arm-none-eabi-size base_demo.elf  |tee "base_demo.elf.size"
   text	   data	    bss	    dec	    hex	filename
 107108	   2852	51715408	51825368	316cad8	base_demo.elf
Finished building: base_demo.elf.size
 

19:48:38 Build Finished (took 1s.64ms)

